[General]
Version=2
Name=
Description=
[Protection]
Protected=0
Password=
[Size]
width=100
height=100
[Legend]
Show=0
X=0
Y=0
[TerrainMap]
Default=9
0=C:\Program Files\Lior's Map Creator\terrains\dungeon\Black.bmp
1=C:\Program Files\Lior's Map Creator\terrains\dungeon\Granite Walls.bmp
2=C:\Program Files\Lior's Map Creator\terrains\dungeon\Hard Floor.bmp
3=C:\Program Files\Lior's Map Creator\terrains\dungeon\Marble Floor 2.bmp
4=C:\Program Files\Lior's Map Creator\terrains\dungeon\Marble Floor.bmp
5=C:\Program Files\Lior's Map Creator\terrains\dungeon\Stone Floor - Coarse.bmp
6=C:\Program Files\Lior's Map Creator\terrains\dungeon\Stone Floor - Rough.bmp
7=C:\Program Files\Lior's Map Creator\terrains\dungeon\Stone Floor - Tiled.bmp
8=C:\Program Files\Lior's Map Creator\terrains\dungeon\Stone Floor.bmp
9=C:\Program Files\Lior's Map Creator\terrains\dungeon\White.bmp
10=C:\Program Files\Lior's Map Creator\terrains\dungeon\Wooden Floor - Boards.bmp
11=C:\Program Files\Lior's Map Creator\terrains\dungeon\Wooden Floor - Bright.bmp
12=C:\Program Files\Lior's Map Creator\terrains\dungeon\Wooden Floor - Tiled.bmp
13=C:\Program Files\Lior's Map Creator\terrains\dungeon\Wooden Floor.bmp
14=C:\Program Files\Lior's Map Creator\terrains\Outside\Desert.bmp
15=C:\Program Files\Lior's Map Creator\terrains\Outside\Forest.bmp
16=C:\Program Files\Lior's Map Creator\terrains\Outside\Grass.bmp
17=C:\Program Files\Lior's Map Creator\terrains\Outside\Ground - Burned.bmp
18=C:\Program Files\Lior's Map Creator\terrains\Outside\Ground - Cracked.bmp
19=C:\Program Files\Lior's Map Creator\terrains\Outside\Ground - Lava Cracked.bmp
20=C:\Program Files\Lior's Map Creator\terrains\Outside\Marshes.bmp
21=C:\Program Files\Lior's Map Creator\terrains\Outside\Mountains 2.bmp
22=C:\Program Files\Lior's Map Creator\terrains\Outside\Mountains.bmp
23=C:\Program Files\Lior's Map Creator\terrains\Outside\Planted Fields.bmp
24=C:\Program Files\Lior's Map Creator\terrains\Outside\Sea.bmp
25=C:\Program Files\Lior's Map Creator\terrains\Outside\Shallow Water.bmp
26=C:\Program Files\Lior's Map Creator\terrains\Outside\Tundra.bmp
27=C:\Program Files\Lior's Map Creator\terrains\Outside\Wasteland.bmp
[20]
21=-33
21c=clSilver
22=-43
22c=clSilver
23=-43
23c=clSilver
24=-21
24c=clSilver
25=-32
25c=clSilver
55=-10
55c=clSilver
[21]
21=-40
21c=clSilver
22=-50
22c=clSilver
23=-42
23c=clSilver
25=-40
25c=clSilver
26=-13
26c=clSilver
55=-20
55c=clSilver
[22]
20=-33
20c=clSilver
21=-50
21c=clSilver
22=-41
22c=clSilver
23=-31
23c=clSilver
25=-20
25c=clSilver
55=-20
55c=clSilver
[23]
20=-40
20c=clSilver
21=-42
21c=clSilver
25=-30
25c=clSilver
26=-32
26c=clSilver
55=-20
55c=clSilver
[24]
20=-40
20c=clSilver
21=-42
21c=clSilver
26=-30
26c=clSilver
27=-32
27c=clSilver
28c=clSilver
32c=clSilver
54=-33
54c=clSilver
55=-50
55c=clSilver
56=-43
56c=clSilver
57=-13
57c=clSilver
[Objects]
1.x=24
1.y=57
1.name=C:\Program Files\Lior's Map Creator\objects\Teleport.bmp
1.hint=Teleport do stvorceka 3
2.x=27
2.y=32
2.name=C:\Program Files\Lior's Map Creator\objects\Column.bmp
2.hint=Dragon gate
3.x=30
3.y=24
3.name=C:\Program Files\Lior's Map Creator\objects\Teleport.bmp
4.x=31
4.y=23
4.name=6
4.hint=
4.type=2
5.x=31
5.y=48
5.name=C:\Program Files\Lior's Map Creator\objects\Teleport.bmp
5.hint=Teleport do T1
6.x=32
6.y=37
6.name=C:\Program Files\Lior's Map Creator\objects\Teleport.bmp
7.x=32
7.y=45
7.name=14
7.type=2
8.x=34
8.y=42
8.name=C:\Program Files\Lior's Map Creator\objects\Krizik.bmp
9.x=37
9.y=59
9.name=C:\Program Files\Lior's Map Creator\objects\Krizik.bmp
10.x=39
10.y=66
10.name=C:\Program Files\Lior's Map Creator\objects\Teleport.bmp
10.hint=Teleport do stvorceka 4
11.x=41
11.y=33
11.name=10
11.hint=
11.type=2
12.x=41
12.y=34
12.name=C:\Program Files\Lior's Map Creator\objects\Teleport.bmp
13.x=41
13.y=36
13.name=C:\Program Files\Lior's Map Creator\objects\Teleport.bmp
14.x=41
14.y=37
14.name=9
14.hint=
14.type=2
15.x=46
15.y=20
15.name=C:\Program Files\Lior's Map Creator\objects\Teleport.bmp
15.hint=Teleport 6
16.x=51
16.y=21
16.name=C:\Program Files\Lior's Map Creator\objects\Krizik.bmp
17.x=53
17.y=31
17.name=C:\Program Files\Lior's Map Creator\objects\Teleport.bmp
18.x=53
18.y=59
18.name=C:\Program Files\Lior's Map Creator\objects\Teleport.bmp
18.hint=Teleport 3
19.x=54
19.y=31
19.name=C:\Program Files\Lior's Map Creator\objects\Teleport.bmp
20.x=55
20.y=41
20.name=C:\Program Files\Lior's Map Creator\objects\Teleport.bmp
20.hint=Teleport 7
Count=20







[25]
20=-30
20c=clSilver
21=-42
21c=clSilver
27=-20
27c=clSilver
28c=clSilver
32c=clSilver
54=-40
54c=clSilver
55=-50
55c=clSilver
56=-42
56c=clSilver
[26]
21=-20
21c=clSilver
27=-40
27c=clSilver
28=-32
28c=clSilver
29c=clSilver
32c=clSilver
54=-40
54c=clSilver
55=-41
55c=clSilver
56=-42
56c=clSilver
62=-10
62c=clSilver
[27]
21=-40
21c=clSilver
22=-43
22c=clSilver
23=-43
23c=clSilver
24=-32
24c=clSilver
27=-40
27c=clSilver
28=-42
28c=clSilver
29c=clSilver
30=-10
30c=clSilver
31c=clSilver
32=-10
32c=clSilver
33c=clSilver
54=-20
54c=clSilver
56=-20
56c=clSilver
62=-20
62c=clSilver
[28]
21=-30
21c=clSilver
22=-50
22c=clSilver
23=-50
23c=clSilver
24=-31
24c=clSilver
27=-40
27c=clSilver
28=-50
28c=clSilver
29=-43
29c=clSilver
30=-42
30c=clSilver
31c=clSilver
32=-20
32c=clSilver
33c=clSilver
54=-20
54c=clSilver
56=-20
56c=clSilver
60=-10
60c=clSilver
62=-20
62c=clSilver
[29]
22=-40
22c=clSilver
23=-42
23c=clSilver
27=-40
27c=clSilver
28=-50
28c=clSilver
29=-50
29c=clSilver
30=-42
30c=clSilver
31c=clSilver
32=-20
32c=clSilver
33c=clSilver
54=-20
54c=clSilver
56=-20
56c=clSilver
60=-40
60c=clSilver
61=-43
61c=clSilver
62=-42
62c=clSilver
[30]
22=-40
22c=clSilver
23=-50
23c=clSilver
24=-13
24c=clSilver
27=-40
27c=clSilver
28=-50
28c=clSilver
29=-50
29c=clSilver
30=-42
30c=clSilver
31c=clSilver
32=-20
32c=clSilver
33c=clSilver
47=-33
47c=clLime
48=-43
48c=clLime
49=-32
49c=clLime
54=-20
54c=clSilver
56=-20
56c=clSilver
60=-40
60c=clSilver
61=-50
61c=clSilver
62=-42
62c=clSilver
[31]
22=-40
22c=clSilver
23=-42
23c=clSilver
27=-40
27c=clSilver
28=-41
28c=clSilver
29=-50
29c=clSilver
30=-50
30c=clSilver
31=-43
31c=clSilver
32=-42
32c=clSilver
33c=clSilver
45=-10
45c=clLime
47=-40
47c=clLime
48=-50
48c=clLime
49=-42
49c=clLime
54=-20
54c=clSilver
56=-30
56c=clSilver
57=-32
57c=clSilver
60=-40
60c=clSilver
61=-41
61c=clSilver
62=-42
62c=clSilver
[32]
22=-30
22c=clSilver
23=-31
23c=clSilver
27=-20
27c=clSilver
28c=clSilver
29=-30
29c=clSilver
30=-50
30c=clSilver
31=-50
31c=clSilver
32=-42
32c=clSilver
33c=clSilver
37=-11
37c=clLime
38=-21
38c=clLime
39=-21
39c=clLime
40=-21
40c=clLime
41=-21
41c=clLime
42=-43
42c=clLime
43=-43
43c=clLime
44=-43
44c=clLime
45=-50
45c=clLime
46=-43
46c=clLime
47=-50
47c=clLime
48=-50
48c=clLime
49=-31
49c=clLime
51=-10
51c=clSilver
53=-33
53c=clSilver
54=-31
54c=clSilver
57=-20
57c=clSilver
60=-12
60c=clSilver
62=-40
62c=clSilver
63=-32
63c=clSilver
[33]
27=-20
27c=clSilver
28c=clSilver
30=-40
30c=clSilver
31=-50
31c=clSilver
32=-50
32c=clSilver
33=-32
33c=clSilver
34c=clSilver
42=-40
42c=clLime
43=-41
43c=clLime
44=-41
44c=clLime
45=-50
45c=clLime
46=-41
46c=clLime
47=-41
47c=clLime
48=-31
48c=clLime
51=-40
51c=clSilver
52=-43
52c=clSilver
53=-42
53c=clSilver
57=-20
57c=clSilver
59=-10
59c=clSilver
62=-40
62c=clSilver
63=-50
63c=clSilver
64=-21
64c=clRed
65=-21
65c=clRed
66=-32
66c=clRed
[34]
27=-20
27c=clSilver
28c=clSilver
30=-40
30c=clSilver
31=-50
31c=clSilver
32=-50
32c=clSilver
33=-42
33c=clSilver
34c=clSilver
38=-11
38c=clSilver
39=-32
39c=clSilver
42=-12
42c=clLime
45=-12
45c=clLime
51=-40
51c=clSilver
52=-50
52c=clSilver
53=-42
53c=clSilver
57=-20
57c=clSilver
59=-20
59c=clSilver
61=-33
61c=clSilver
62=-50
62c=clSilver
63=-42
63c=clSilver
66=-20
66c=clRed
[35]
27=-40
27c=clSilver
28=-32
28c=clSilver
29c=clSilver
30=-40
30c=clSilver
31=-50
31c=clSilver
32=-50
32c=clSilver
33=-42
33c=clSilver
34c=clSilver
39=-20
39c=clSilver
51=-30
51c=clSilver
52=-50
52c=clSilver
53=-42
53c=clSilver
57=-40
57c=clSilver
58=-43
58c=clSilver
59=-31
59c=clSilver
61=-40
61c=clSilver
62=-50
62c=clSilver
63=-31
63c=clSilver
66=-20
66c=clRed
[36]
26=-33
26c=clSilver
27=-50
27c=clSilver
28=-42
28c=clSilver
29c=clSilver
30=-40
30c=clSilver
31=-50
31c=clSilver
32=-50
32c=clSilver
33=-42
33c=clSilver
34c=clSilver
39=-20
39c=clSilver
52=-40
52c=clSilver
53=-42
53c=clSilver
57=-40
57c=clSilver
58=-42
58c=clSilver
61=-40
61c=clSilver
62=-31
62c=clSilver
66=-20
66c=clRed
[37]
26=-40
26c=clSilver
27=-41
27c=clSilver
28=-42
28c=clSilver
29c=clSilver
30=-30
30c=clSilver
31=-50
31c=clSilver
32=-50
32c=clSilver
33=-42
33c=clSilver
34c=clSilver
39=-30
39c=clSilver
40=-32
40c=clSilver
51=-33
51c=clSilver
52=-50
52c=clSilver
53=-42
53c=clSilver
56=-33
56c=clSilver
57=-50
57c=clSilver
58=-50
58c=clSilver
59=-21
59c=clSilver
60=-43
60c=clSilver
61=-42
61c=clSilver
66=-20
66c=clRed
[38]
26=-20
26c=clSilver
27c=clSilver
28=-20
28c=clSilver
29c=clSilver
31=-40
31c=clSilver
32=-50
32c=clSilver
33=-31
33c=clSilver
34c=clSilver
40=-20
40c=clSilver
51=-40
51c=clSilver
52=-41
52c=clSilver
53=-42
53c=clSilver
55=-33
55c=clSilver
56=-50
56c=clSilver
57=-41
57c=clSilver
58=-42
58c=clSilver
60=-40
60c=clSilver
61=-31
61c=clSilver
66=-20
66c=clSilver
[39]
26=-20
26c=clSilver
27c=clSilver
28=-20
28c=clSilver
29c=clSilver
31=-40
31c=clSilver
32=-42
32c=clSilver
33c=clSilver
40=-20
40c=clSilver
51=-20
51c=clSilver
53=-20
53c=clSilver
55=-40
55c=clSilver
56=-42
56c=clSilver
58=-20
58c=clSilver
60=-20
60c=clSilver
66=-12
66c=clSilver
[40]
24=-33
24c=clSilver
25=-43
25c=clSilver
26=-42
26c=clSilver
27c=clSilver
28=-20
28c=clSilver
29c=clSilver
31=-40
31c=clSilver
32=-50
32c=clSilver
33=-32
33c=clSilver
34c=clSilver
40=-20
40c=clSilver
51=-40
51c=clSilver
52=-43
52c=clSilver
53=-42
53c=clSilver
55=-40
55c=clSilver
56=-31
56c=clSilver
58=-20
58c=clSilver
60=-12
60c=clSilver
[41]
24=-40
24c=clSilver
25=-50
25c=clSilver
26=-31
26c=clSilver
27c=clSilver
28=-20
28c=clSilver
29c=clSilver
31=-30
31c=clSilver
32=-41
32c=clSilver
33=-41
33c=clSilver
34=-13
34c=clSilver
35c=clSilver
36=-11
36c=clSilver
37=-43
37c=clSilver
38=-21
38c=clSilver
39=-43
39c=clSilver
40=-42
40c=clSilver
51=-30
51c=clSilver
52=-50
52c=clSilver
53=-41
53c=clSilver
54=-43
54c=clSilver
55=-31
55c=clSilver
58=-20
58c=clSilver
61=-10
61c=clSilver
[42]
23=-33
23c=clSilver
24=-50
24c=clSilver
25=-42
25c=clSilver
28=-20
28c=clSilver
29c=clSilver
37=-20
37c=clSilver
39=-40
39c=clSilver
40=-42
40c=clSilver
41c=clSilver
52=-12
52c=clSilver
54=-20
54c=clSilver
57=-33
57c=clSilver
58=-31
58c=clSilver
61=-20
61c=clSilver
[43]
23=-40
23c=clSilver
24=-41
24c=clSilver
25=-31
25c=clSilver
28=-20
28c=clSilver
29c=clSilver
37=-20
37c=clSilver
38c=clSilver
39=-40
39c=clSilver
40=-31
40c=clSilver
41c=clSilver
54=-12
54c=clSilver
57=-20
57c=clSilver
61=-12
61c=clSilver
[44]
23=-20
23c=clSilver
27=-33
27c=clSilver
28=-31
28c=clSilver
29c=clSilver
37=-30
37c=clSilver
38=-43
38c=clSilver
39=-42
39c=clSilver
40c=clSilver
41c=clSilver
57=-20
57c=clSilver
[45]
23=-20
23c=clSilver
27=-20
27c=clSilver
28c=clSilver
37c=clSilver
38=-40
38c=clSilver
39=-42
39c=clSilver
40c=clSilver
57=-20
57c=clSilver
[46]
20=-33
20c=clSilver
21=-32
21c=clSilver
23=-12
23c=clSilver
27=-20
27c=clSilver
28c=clSilver
37c=clSilver
38=-40
38c=clSilver
39=-42
39c=clSilver
57=-20
57c=clSilver
[47]
20=-40
20c=clSilver
21=-42
21c=clSilver
27=-20
27c=clSilver
28c=clSilver
38=-40
38c=clSilver
39=-50
39c=clSilver
40=-32
40c=clSilver
56=-33
56c=clSilver
57=-50
57c=clSilver
58=-32
58c=clSilver
[48]
20=-40
20c=clSilver
21=-42
21c=clSilver
27=-20
27c=clSilver
28c=clSilver
38=-30
38c=clSilver
39=-50
39c=clSilver
40=-42
40c=clSilver
42c=clSilver
43c=clSilver
56=-40
56c=clSilver
57=-50
57c=clSilver
58=-42
58c=clSilver
[49]
20=-40
20c=clSilver
21=-42
21c=clSilver
24=-10
24c=clSilver
27=-20
27c=clSilver
28c=clSilver
29c=clSilver
30=-33
30c=clSilver
31=-21
31c=clSilver
32=-32
32c=clSilver
39=-40
39c=clSilver
40=-42
40c=clSilver
43=-11
43c=clSilver
44=-13
44c=clSilver
56=-30
56c=clSilver
57=-41
57c=clSilver
58=-42
58c=clSilver
60=-10
60c=clSilver
62=-10
62c=clSilver
[50]
20=-30
20c=clSilver
21=-42
21c=clSilver
24=-20
24c=clSilver
27=-20
27c=clSilver
28c=clSilver
30=-20
30c=clSilver
32=-20
32c=clSilver
39=-30
39c=clSilver
40=-42
40c=clSilver
58=-30
58c=clSilver
59=-43
59c=clSilver
60=-42
60c=clSilver
62=-20
62c=clSilver
[51]
21=-12
21c=clSilver
23=-11
23c=clSilver
24=-42
24c=clSilver
27=-20
27c=clSilver
28c=clSilver
29=-33
29c=clSilver
30=-41
30c=clSilver
31=-43
31c=clSilver
32=-41
32c=clSilver
33=-32
33c=clSilver
40=-20
40c=clSilver
59=-40
59c=clSilver
60=-50
60c=clSilver
61=-43
61c=clSilver
62=-50
62c=clSilver
63=-32
63c=clSilver
[52]
24=-20
24c=clSilver
27=-20
27c=clSilver
28c=clSilver
29=-20
29c=clSilver
30c=clSilver
31=-20
31c=clSilver
33=-20
33c=clSilver
39=-33
39c=clSilver
40=-42
40c=clSilver
59=-40
59c=clSilver
60=-41
60c=clSilver
61=-41
61c=clSilver
62=-41
62c=clSilver
63=-42
63c=clSilver
[53]
24=-30
24c=clSilver
25=-32
25c=clSilver
27=-20
27c=clSilver
28c=clSilver
29=-20
29c=clSilver
30c=clSilver
31=-20
31c=clSilver
33=-20
33c=clSilver
38=-33
38c=clSilver
39=-50
39c=clSilver
40=-42
40c=clSilver
59=-20
59c=clSilver
63=-20
63c=clSilver
[54]
25=-20
25c=clSilver
27=-30
27c=clSilver
28=-21
28c=clSilver
29=-42
29c=clSilver
30c=clSilver
31=-20
31c=clSilver
33=-20
33c=clSilver
38=-40
38c=clSilver
39=-50
39c=clSilver
40=-42
40c=clSilver
59=-30
59c=clSilver
60=-32
60c=clSilver
63=-20
63c=clSilver
[55]
25=-20
25c=clSilver
29=-30
29c=clSilver
30=-43
30c=clSilver
31=-41
31c=clSilver
32=-43
32c=clSilver
33=-31
33c=clSilver
34c=clSilver
38=-40
38c=clSilver
39=-50
39c=clSilver
40=-50
40c=clSilver
41=-13
41c=clSilver
60=-20
60c=clSilver
62=-33
62c=clSilver
63=-42
63c=clSilver
[56]
25=-12
25c=clSilver
30=-20
30c=clSilver
32=-20
32c=clSilver
38=-30
38c=clSilver
39=-41
39c=clSilver
40=-31
40c=clSilver
60=-40
60c=clSilver
61=-43
61c=clSilver
62=-50
62c=clSilver
63=-31
63c=clSilver
[57]
30=-30
30c=clSilver
31=-21
31c=clSilver
32=-31
32c=clSilver
60=-40
60c=clSilver
61=-50
61c=clSilver
62=-42
62c=clSilver
[58]
60=-30
60c=clSilver
61=-41
61c=clSilver
62=-31
62c=clSilver
[Lines]
Count=0
