[General]
Version=2
Name=
Description=
[Protection]
Protected=0
Password=
[Size]
width=100
height=100
[Legend]
Show=0
X=0
Y=0
[TerrainMap]
Default=9
0=C:\Program Files\Lior's Map Creator\terrains\dungeon\Black.bmp
1=C:\Program Files\Lior's Map Creator\terrains\dungeon\Granite Walls.bmp
2=C:\Program Files\Lior's Map Creator\terrains\dungeon\Hard Floor.bmp
3=C:\Program Files\Lior's Map Creator\terrains\dungeon\Marble Floor 2.bmp
4=C:\Program Files\Lior's Map Creator\terrains\dungeon\Marble Floor.bmp
5=C:\Program Files\Lior's Map Creator\terrains\dungeon\Stone Floor - Coarse.bmp
6=C:\Program Files\Lior's Map Creator\terrains\dungeon\Stone Floor - Rough.bmp
7=C:\Program Files\Lior's Map Creator\terrains\dungeon\Stone Floor - Tiled.bmp
8=C:\Program Files\Lior's Map Creator\terrains\dungeon\Stone Floor.bmp
9=C:\Program Files\Lior's Map Creator\terrains\dungeon\White.bmp
10=C:\Program Files\Lior's Map Creator\terrains\dungeon\Wooden Floor - Boards.bmp
11=C:\Program Files\Lior's Map Creator\terrains\dungeon\Wooden Floor - Bright.bmp
12=C:\Program Files\Lior's Map Creator\terrains\dungeon\Wooden Floor - Tiled.bmp
13=C:\Program Files\Lior's Map Creator\terrains\dungeon\Wooden Floor.bmp
14=C:\Program Files\Lior's Map Creator\terrains\Outside\Desert.bmp
15=C:\Program Files\Lior's Map Creator\terrains\Outside\Forest.bmp
16=C:\Program Files\Lior's Map Creator\terrains\Outside\Grass.bmp
17=C:\Program Files\Lior's Map Creator\terrains\Outside\Ground - Burned.bmp
18=C:\Program Files\Lior's Map Creator\terrains\Outside\Ground - Cracked.bmp
19=C:\Program Files\Lior's Map Creator\terrains\Outside\Ground - Lava Cracked.bmp
20=C:\Program Files\Lior's Map Creator\terrains\Outside\Marshes.bmp
21=C:\Program Files\Lior's Map Creator\terrains\Outside\Mountains 2.bmp
22=C:\Program Files\Lior's Map Creator\terrains\Outside\Mountains.bmp
23=C:\Program Files\Lior's Map Creator\terrains\Outside\Planted Fields.bmp
24=C:\Program Files\Lior's Map Creator\terrains\Outside\Sea.bmp
25=C:\Program Files\Lior's Map Creator\terrains\Outside\Shallow Water.bmp
26=C:\Program Files\Lior's Map Creator\terrains\Outside\Tundra.bmp
27=C:\Program Files\Lior's Map Creator\terrains\Outside\Wasteland.bmp
[21]
42=-10
42c=clSilver
45=-33
45c=clSilver
46=-21
46c=clSilver
47=-13
47c=clSilver
[Objects]
1.x=21
1.y=47
1.name=C:\Program Files\Lior's Map Creator\objects\Teleport.bmp
1.hint=Teleport 2
2.x=28
2.y=26
2.name=C:\Program Files\Lior's Map Creator\objects\Teleport.bmp
2.hint=Teleport 5
3.x=30
3.y=42
3.name=C:\Program Files\Lior's Map Creator\objects\vykricnik.bmp
4.x=30
4.y=51
4.name=C:\Program Files\Lior's Map Creator\objects\Teleport.bmp
4.hint=Teleport 1
5.x=31
5.y=38
5.name=C:\Program Files\Lior's Map Creator\objects\Teleport.bmp
6.x=31
6.y=42
6.name=C:\Program Files\Lior's Map Creator\objects\vykricnik.bmp
7.x=32
7.y=29
7.name=1
7.type=2
8.x=33
8.y=29
8.name=C:\Program Files\Lior's Map Creator\objects\Teleport.bmp
8.hint=Teleport - smerom zhora dole do 7
9.x=33
9.y=32
9.name=2
9.type=2
10.x=40
10.y=61
10.name=C:\Program Files\Lior's Map Creator\objects\Krizik.bmp
11.x=44
11.y=55
11.name=C:\Program Files\Lior's Map Creator\objects\Krizik.bmp
12.x=47
12.y=46
12.name=C:\Program Files\Lior's Map Creator\objects\Teleport.bmp
12.hint=Teleport 4
13.x=50
13.y=52
13.name=C:\Program Files\Lior's Map Creator\objects\Krizik.bmp
14.x=51
14.y=52
14.name=5
14.type=2
15.x=53
15.y=34
15.name=C:\Program Files\Lior's Map Creator\objects\Column.bmp
15.hint=Metal gate
16.x=53
16.y=35
16.name=C:\Program Files\Lior's Map Creator\objects\Column.bmp
16.hint=Metal gate
17.x=55
17.y=45
17.name=C:\Program Files\Lior's Map Creator\objects\Teleport.bmp
17.hint=Teleport 7
18.x=59
18.y=36
18.name=C:\Program Files\Lior's Map Creator\objects\Teleport.bmp
18.hint=Teleport 22
Count=18
[22]
42=-40
42c=clSilver
43=-43
43c=clSilver
44=-43
44c=clSilver
45=-42
45c=clSilver
[23]
41=-33
41c=clSilver
42=-50
42c=clSilver
43=-50
43c=clSilver
44=-50
44c=clSilver
45=-42
45c=clSilver
[24]
41=-40
41c=clSilver
42=-50
42c=clSilver
43=-50
43c=clSilver
44=-50
44c=clSilver
45=-42
45c=clSilver
[25]
41=-40
41c=clSilver
42=-50
42c=clSilver
43=-50
43c=clSilver
44=-50
44c=clSilver
45=-42
45c=clSilver
[26]
41=-40
41c=clSilver
42=-50
42c=clSilver
43=-50
43c=clSilver
44=-50
44c=clSilver
45=-42
45c=clSilver
[27]
41=-40
41c=clSilver
42=-50
42c=clSilver
43=-50
43c=clSilver
44=-41
44c=clSilver
45=-42
45c=clSilver
[28]
26=-11
26c=clSilver
27=-21
27c=clSilver
28=-43
28c=clSilver
29=-32
29c=clSilver
41=-30
41c=clSilver
42=-50
42c=clSilver
43=-31
43c=clSilver
45=-20
45c=clSilver
[29]
28=-30
28c=clSilver
29=-42
29c=clSilver
42=-20
42c=clSilver
45=-12
45c=clSilver
[30]
29=-20
29c=clSilver
42=-20
42c=clSilver
51=-10
51c=clSilver
[31]
29=-20
29c=clSilver
38=-10
38c=clSilver
42=-20
42c=clSilver
51=-20
51c=clSilver
53=-33
53c=clSilver
54=-32
54c=clSilver
57=-10
57c=clSilver
[32]
29=-20
29c=clSilver
38=-20
38c=clSilver
42=-20
42c=clSilver
50=-33
50c=clSilver
51=-50
51c=clSilver
52=-21
52c=clSilver
53=-50
53c=clSilver
54=-42
54c=clSilver
57=-20
57c=clSilver
[33]
29=-30
29c=clSilver
30=-21
30c=clSilver
31=-21
31c=clSilver
32=-21
32c=clSilver
33=-32
33c=clSilver
38=-20
38c=clSilver
42=-20
42c=clSilver
50=-40
50c=clSilver
51=-31
51c=clSilver
53=-40
53c=clSilver
54=-42
54c=clSilver
57=-12
57c=clSilver
[34]
33=-30
33c=clSilver
34=-21
34c=clSilver
35=-21
35c=clSilver
36=-21
36c=clSilver
37=-21
37c=clSilver
38=-31
38c=clSilver
42=-20
42c=clSilver
50=-20
50c=clSilver
53=-40
53c=clSilver
54=-42
54c=clSilver
56=-10
56c=clSilver
[35]
41=-33
41c=clSilver
42=-42
42c=clSilver
50=-20
50c=clSilver
53=-40
53c=clSilver
54=-42
54c=clSilver
56=-20
56c=clSilver
[36]
41=-40
41c=clSilver
42=-42
42c=clSilver
50=-20
50c=clSilver
52=-33
52c=clSilver
53=-50
53c=clSilver
54=-42
54c=clSilver
56=-20
56c=clSilver
[37]
41=-40
41c=clSilver
42=-31
42c=clSilver
50=-20
50c=clSilver
52=-40
52c=clSilver
53=-50
53c=clSilver
54=-50
54c=clSilver
55=-43
55c=clSilver
56=-50
56c=clSilver
57=-32
57c=clSilver
[38]
41=-20
41c=clSilver
50=-40
50c=clSilver
51=-43
51c=clSilver
52=-50
52c=clSilver
53=-41
53c=clSilver
54=-41
54c=clSilver
55=-50
55c=clSilver
56=-50
56c=clSilver
57=-50
57c=clSilver
58=-43
58c=clSilver
59=-32
59c=clSilver
[39]
41=-20
41c=clSilver
50=-40
50c=clSilver
51=-50
51c=clSilver
52=-42
52c=clSilver
55=-40
55c=clSilver
56=-50
56c=clSilver
57=-41
57c=clSilver
58=-41
58c=clSilver
59=-41
59c=clSilver
60=-32
60c=clSilver
[40]
41=-20
41c=clSilver
50=-40
50c=clSilver
51=-50
51c=clSilver
52=-42
52c=clSilver
55=-40
55c=clSilver
56=-42
56c=clSilver
60=-40
60c=clSilver
61=-13
61c=clSilver
[41]
41=-20
41c=clSilver
50=-40
50c=clSilver
51=-50
51c=clSilver
52=-31
52c=clSilver
55=-40
55c=clSilver
56=-31
56c=clSilver
60=-20
60c=clSilver
[42]
41=-40
41c=clSilver
42=-32
42c=clSilver
50=-40
50c=clSilver
51=-42
51c=clSilver
55=-20
55c=clSilver
60=-20
60c=clSilver
[43]
41=-40
41c=clSilver
42=-42
42c=clSilver
50=-40
50c=clSilver
51=-42
51c=clSilver
55=-20
55c=clSilver
60=-20
60c=clSilver
[44]
41=-30
41c=clSilver
42=-42
42c=clSilver
50=-30
50c=clSilver
51=-42
51c=clSilver
55=-20
55c=clSilver
60=-12
60c=clSilver
[45]
42=-20
42c=clSilver
51=-20
51c=clSilver
55=-20
55c=clSilver
58=-10
58c=clSilver
[46]
42=-20
42c=clSilver
48=-10
48c=clSilver
51=-20
51c=clSilver
55=-20
55c=clSilver
58=-20
58c=clSilver
[47]
42=-30
42c=clSilver
43=-43
43c=clSilver
44=-21
44c=clSilver
45=-21
45c=clSilver
46=-21
46c=clSilver
47=-43
47c=clSilver
48=-50
48c=clSilver
49=-32
49c=clSilver
51=-12
51c=clSilver
55=-20
55c=clSilver
58=-20
58c=clSilver
62=-10
62c=clSilver
[48]
33=-10
33c=clSilver
36=-33
36c=clSilver
37=-32
37c=clSilver
43=-20
43c=clSilver
47=-30
47c=clSilver
48=-41
48c=clSilver
49=-42
49c=clSilver
55=-20
55c=clSilver
57=-33
57c=clSilver
58=-42
58c=clSilver
[49]
33=-20
33c=clSilver
36=-40
36c=clSilver
37=-42
37c=clSilver
43=-20
43c=clSilver
49=-20
49c=clSilver
55=-20
55c=clSilver
57=-40
57c=clSilver
58=-42
58c=clSilver
[50]
33=-20
33c=clSilver
36=-40
36c=clSilver
37=-42
37c=clSilver
43=-20
43c=clSilver
49=-20
49c=clSilver
52=-33
52c=clSilver
53=-21
53c=clSilver
54=-21
54c=clSilver
55=-50
55c=clSilver
56=-43
56c=clSilver
57=-50
57c=clSilver
58=-31
58c=clSilver
[51]
33=-20
33c=clSilver
36=-40
36c=clSilver
37=-50
37c=clSilver
38=-32
38c=clSilver
43=-20
43c=clSilver
49=-20
49c=clSilver
52=-20
52c=clSilver
55=-40
55c=clSilver
56=-50
56c=clSilver
57=-42
57c=clSilver
[52]
33=-20
33c=clSilver
36=-40
36c=clSilver
37=-50
37c=clSilver
38=-42
38c=clSilver
43=-20
43c=clSilver
49=-20
49c=clSilver
52=-20
52c=clSilver
55=-40
55c=clSilver
56=-50
56c=clSilver
57=-42
57c=clSilver
[53]
33=-40
33c=clSilver
34=-21
34c=clSilver
35=-21
35c=clSilver
36=-50
36c=clSilver
37=-50
37c=clSilver
38=-50
38c=clSilver
39=-21
39c=clSilver
40=-21
40c=clSilver
41=-21
41c=clSilver
42=-21
42c=clSilver
43=-50
43c=clSilver
44=-32
44c=clSilver
49=-40
49c=clSilver
50=-32
50c=clSilver
52=-40
52c=clSilver
53=-43
53c=clSilver
54=-43
54c=clSilver
55=-50
55c=clSilver
56=-50
56c=clSilver
57=-31
57c=clSilver
[54]
33=-20
33c=clSilver
36=-40
36c=clSilver
37=-50
37c=clSilver
38=-42
38c=clSilver
43=-40
43c=clSilver
44=-42
44c=clSilver
49=-30
49c=clSilver
50=-42
50c=clSilver
52=-40
52c=clSilver
53=-50
53c=clSilver
54=-50
54c=clSilver
55=-41
55c=clSilver
56=-42
56c=clSilver
[55]
33=-20
33c=clSilver
36=-40
36c=clSilver
37=-50
37c=clSilver
38=-31
38c=clSilver
43=-30
43c=clSilver
44=-50
44c=clSilver
45=-13
45c=clSilver
50=-20
50c=clSilver
52=-40
52c=clSilver
53=-50
53c=clSilver
54=-42
54c=clSilver
56=-20
56c=clSilver
[56]
33=-20
33c=clSilver
36=-40
36c=clSilver
37=-42
37c=clSilver
44=-12
44c=clSilver
50=-30
50c=clSilver
51=-43
51c=clSilver
52=-41
52c=clSilver
53=-41
53c=clSilver
54=-42
54c=clSilver
56=-20
56c=clSilver
[57]
33=-20
33c=clSilver
36=-40
36c=clSilver
37=-42
37c=clSilver
51=-20
51c=clSilver
54=-12
54c=clSilver
56=-12
56c=clSilver
[58]
33=-20
33c=clSilver
36=-40
36c=clSilver
37=-31
37c=clSilver
51=-12
51c=clSilver
[59]
33=-20
33c=clSilver
36=-12
36c=clSilver
[60]
33=-20
33c=clSilver
[61]
33=-12
33c=clSilver
[Lines]
Count=0
