[General]
Version=2
Name=
Description=
[Protection]
Protected=0
Password=
[Size]
width=150
height=150
[Legend]
Show=0
X=0
Y=0
[TerrainMap]
Default=9
0=C:\Program Files\Lior's Map Creator\terrains\dungeon\Black.bmp
1=C:\Program Files\Lior's Map Creator\terrains\dungeon\Granite Walls.bmp
2=C:\Program Files\Lior's Map Creator\terrains\dungeon\Hard Floor.bmp
3=C:\Program Files\Lior's Map Creator\terrains\dungeon\Marble Floor 2.bmp
4=C:\Program Files\Lior's Map Creator\terrains\dungeon\Marble Floor.bmp
5=C:\Program Files\Lior's Map Creator\terrains\dungeon\Stone Floor - Coarse.bmp
6=C:\Program Files\Lior's Map Creator\terrains\dungeon\Stone Floor - Rough.bmp
7=C:\Program Files\Lior's Map Creator\terrains\dungeon\Stone Floor - Tiled.bmp
8=C:\Program Files\Lior's Map Creator\terrains\dungeon\Stone Floor.bmp
9=C:\Program Files\Lior's Map Creator\terrains\dungeon\White.bmp
10=C:\Program Files\Lior's Map Creator\terrains\dungeon\Wooden Floor - Boards.bmp
11=C:\Program Files\Lior's Map Creator\terrains\dungeon\Wooden Floor - Bright.bmp
12=C:\Program Files\Lior's Map Creator\terrains\dungeon\Wooden Floor - Tiled.bmp
13=C:\Program Files\Lior's Map Creator\terrains\dungeon\Wooden Floor.bmp
14=C:\Program Files\Lior's Map Creator\terrains\Outside\Desert.bmp
15=C:\Program Files\Lior's Map Creator\terrains\Outside\Forest.bmp
16=C:\Program Files\Lior's Map Creator\terrains\Outside\Grass.bmp
17=C:\Program Files\Lior's Map Creator\terrains\Outside\Ground - Burned.bmp
18=C:\Program Files\Lior's Map Creator\terrains\Outside\Ground - Cracked.bmp
19=C:\Program Files\Lior's Map Creator\terrains\Outside\Ground - Lava Cracked.bmp
20=C:\Program Files\Lior's Map Creator\terrains\Outside\Marshes.bmp
21=C:\Program Files\Lior's Map Creator\terrains\Outside\Mountains 2.bmp
22=C:\Program Files\Lior's Map Creator\terrains\Outside\Mountains.bmp
23=C:\Program Files\Lior's Map Creator\terrains\Outside\Planted Fields.bmp
24=C:\Program Files\Lior's Map Creator\terrains\Outside\Sea.bmp
25=C:\Program Files\Lior's Map Creator\terrains\Outside\Shallow Water.bmp
26=C:\Program Files\Lior's Map Creator\terrains\Outside\Tundra.bmp
27=C:\Program Files\Lior's Map Creator\terrains\Outside\Wasteland.bmp
[48]
103=-10
103c=clSilver
[49]
103=-20
103c=clSilver
[50]
103=-40
103c=clSilver
104=-32
104c=clSilver
[51]
103=-40
103c=clSilver
104=-42
104c=clSilver
[52]
101=-10
101c=clSilver
103=-40
103c=clSilver
104=-42
104c=clSilver
[53]
88=-10
88c=clSilver
96=-10
96c=clRed
101=-40
101c=clSilver
102=-43
102c=clSilver
103=-50
103c=clSilver
104=-42
104c=clSilver
[Objects]
1.x=53
1.y=88
1.name=C:\Program Files\Lior's Map Creator\objects\Teleport.bmp
2.x=61
2.y=105
2.name=C:\Program Files\Lior's Map Creator\objects\Teleport.bmp
2.hint=neda sa vojst
3.x=61
3.y=107
3.name=7
3.hint=destination
3.type=2
4.x=62
4.y=97
4.name=C:\Program Files\Lior's Map Creator\objects\Teleport.bmp
5.x=63
5.y=102
5.name=C:\Program Files\Lior's Map Creator\objects\Teleport.bmp
5.hint=kolecko s krizikom
6.x=80
6.y=108
6.name=C:\Program Files\Lior's Map Creator\objects\Teleport.bmp
6.hint=T3, posunie o 2 policka east
Count=6
[54]
88=-20
88c=clSilver
96=-20
96c=clRed
101=-40
101c=clSilver
102=-50
102c=clSilver
103=-50
103c=clSilver
104=-50
104c=clSilver
105=-32
105c=clSilver
[55]
88=-20
88c=clSilver
95=-11
95c=clRed
96=-50
96c=clRed
97=-32
97c=clRed
101=-30
101c=clSilver
102=-50
102c=clSilver
103=-50
103c=clSilver
104=-41
104c=clSilver
105=-42
105c=clSilver
111=-10
111c=clSilver
[56]
88=-20
88c=clSilver
94=-10
94c=clRed
96=-30
96c=clRed
97=-50
97c=clRed
98=-32
98c=clRed
102=-40
102c=clSilver
103=-31
103c=clSilver
105=-40
105c=clSilver
106=-32
106c=clSilver
111=-20
111c=clSilver
[57]
88=-20
88c=clSilver
94=-40
94c=clRed
95=-32
95c=clRed
97=-30
97c=clRed
98=-42
98c=clRed
102=-12
102c=clSilver
105=-30
105c=clSilver
106=-42
106c=clSilver
111=-20
111c=clSilver
[58]
87=-33
87c=clSilver
88=-50
88c=clSilver
89=-32
89c=clSilver
94=-40
94c=clRed
95=-50
95c=clRed
96=-32
96c=clRed
98=-40
98c=clRed
99=-32
99c=clRed
106=-20
106c=clSilver
111=-20
111c=clSilver
[59]
87=-40
87c=clSilver
88=-50
88c=clSilver
89=-42
89c=clSilver
94=-40
94c=clRed
95=-50
95c=clRed
96=-50
96c=clRed
97=-21
97c=clRed
98=-41
98c=clRed
99=-50
99c=clRed
100=-32
100c=clRed
106=-20
106c=clSilver
111=-20
111c=clSilver
113=-10
113c=clSilver
[60]
87=-30
87c=clSilver
88=-50
88c=clSilver
89=-31
89c=clSilver
94=-40
94c=clRed
95=-50
95c=clRed
96=-42
96c=clRed
99=-40
99c=clRed
100=-50
100c=clRed
101=-32
101c=clRed
106=-40
106c=clSilver
107=-32
107c=clSilver
109=-10
109c=clSilver
111=-40
111c=clSilver
112=-43
112c=clSilver
113=-42
113c=clSilver
[61]
88=-20
88c=clSilver
94=-30
94c=clRed
95=-50
95c=clRed
96=-42
96c=clRed
99=-40
99c=clRed
100=-50
100c=clRed
101=-42
101c=clRed
105=-11
105c=clSilver
106=-41
106c=clSilver
107=-50
107c=clSilver
108=-43
108c=clSilver
109=-42
109c=clSilver
111=-40
111c=clSilver
112=-50
112c=clSilver
113=-42
113c=clSilver
[62]
88=-20
88c=clSilver
95=-40
95c=clRed
96=-50
96c=clRed
97=-32
97c=clRed
99=-40
99c=clRed
100=-50
100c=clRed
101=-42
101c=clRed
107=-40
107c=clSilver
108=-50
108c=clSilver
109=-42
109c=clSilver
111=-40
111c=clSilver
112=-50
112c=clSilver
113=-42
113c=clSilver
[63]
88=-20
88c=clSilver
93=-33
93c=clRed
94=-21
94c=clRed
95=-50
95c=clRed
96=-50
96c=clRed
97=-42
97c=clRed
99=-40
99c=clRed
100=-50
100c=clRed
101=-41
101c=clRed
102=-13
102c=clSilver
107=-40
107c=clSilver
108=-50
108c=clSilver
109=-42
109c=clSilver
111=-30
111c=clSilver
112=-50
112c=clSilver
113=-50
113c=clSilver
114=-32
114c=clSilver
[64]
88=-20
88c=clSilver
93=-20
93c=clSilver
95=-40
95c=clRed
96=-50
96c=clRed
97=-50
97c=clRed
98=-43
98c=clRed
99=-50
99c=clRed
100=-42
100c=clRed
107=-40
107c=clSilver
108=-50
108c=clSilver
109=-42
109c=clSilver
112=-40
112c=clSilver
113=-50
113c=clSilver
114=-42
114c=clSilver
[65]
88=-20
88c=clSilver
93=-20
93c=clSilver
95=-30
95c=clRed
96=-50
96c=clRed
97=-50
97c=clRed
98=-50
98c=clRed
99=-50
99c=clRed
100=-31
100c=clRed
107=-40
107c=clSilver
108=-50
108c=clSilver
109=-42
109c=clSilver
112=-40
112c=clSilver
113=-50
113c=clSilver
114=-42
114c=clSilver
[66]
88=-20
88c=clSilver
92=-33
92c=clSilver
93=-31
93c=clSilver
96=-40
96c=clRed
97=-50
97c=clRed
98=-50
98c=clRed
99=-31
99c=clRed
107=-40
107c=clSilver
108=-50
108c=clSilver
109=-42
109c=clSilver
112=-30
112c=clSilver
113=-41
113c=clSilver
114=-42
114c=clSilver
[67]
88=-20
88c=clSilver
92=-20
92c=clSilver
96=-40
96c=clRed
97=-50
97c=clRed
98=-42
98c=clRed
107=-40
107c=clSilver
108=-50
108c=clSilver
109=-42
109c=clSilver
114=-20
114c=clSilver
[68]
88=-30
88c=clSilver
89=-21
89c=clSilver
90=-21
90c=clSilver
91=-21
91c=clSilver
92=-31
92c=clSilver
96=-40
96c=clRed
97=-50
97c=clRed
98=-42
98c=clRed
107=-40
107c=clSilver
108=-50
108c=clSilver
109=-42
109c=clSilver
114=-20
114c=clSilver
[69]
96=-30
96c=clRed
97=-50
97c=clRed
98=-42
98c=clRed
107=-40
107c=clSilver
108=-50
108c=clSilver
109=-42
109c=clSilver
114=-20
114c=clSilver
[70]
97=-40
97c=clRed
98=-31
98c=clRed
107=-40
107c=clSilver
108=-50
108c=clSilver
109=-31
109c=clSilver
114=-20
114c=clSilver
[71]
97=-12
97c=clRed
107=-30
107c=clSilver
108=-42
108c=clSilver
114=-30
114c=clSilver
115=-32
115c=clSilver
[72]
108=-20
108c=clSilver
115=-20
115c=clSilver
[73]
108=-20
108c=clSilver
114=-33
114c=clSilver
115=-31
115c=clSilver
[74]
108=-20
108c=clSilver
114=-20
114c=clSilver
[75]
100=-10
100c=clSilver
108=-20
108c=clSilver
114=-20
114c=clSilver
[76]
99=-33
99c=clSilver
100=-42
100c=clSilver
108=-20
108c=clSilver
114=-20
114c=clSilver
[77]
99=-40
99c=clSilver
100=-42
100c=clSilver
108=-20
108c=clSilver
114=-20
114c=clSilver
[78]
99=-40
99c=clSilver
100=-42
100c=clSilver
102=-10
102c=clSilver
108=-20
108c=clSilver
114=-20
114c=clSilver
[79]
99=-40
99c=clSilver
100=-42
100c=clSilver
102=-40
102c=clSilver
103=-32
103c=clSilver
108=-20
108c=clSilver
114=-20
114c=clSilver
[80]
99=-40
99c=clSilver
100=-31
100c=clSilver
102=-40
102c=clSilver
103=-50
103c=clSilver
104=-43
104c=clSilver
105=-21
105c=clSilver
106=-21
106c=clSilver
107=-21
107c=clSilver
108=-50
108c=clSilver
109=-21
109c=clSilver
110=-21
110c=clSilver
111=-21
111c=clSilver
112=-21
112c=clSilver
113=-21
113c=clSilver
114=-31
114c=clSilver
[81]
99=-12
99c=clSilver
102=-40
102c=clSilver
103=-50
103c=clSilver
104=-42
104c=clSilver
108=-20
108c=clSilver
[82]
102=-40
102c=clSilver
103=-50
103c=clSilver
104=-42
104c=clSilver
108=-20
108c=clSilver
[83]
102=-40
102c=clSilver
103=-50
103c=clSilver
104=-42
104c=clSilver
108=-20
108c=clSilver
[84]
102=-40
102c=clSilver
103=-50
103c=clSilver
104=-42
104c=clSilver
108=-20
108c=clSilver
[85]
96=-11
96c=clSilver
97=-43
97c=clSilver
98=-43
98c=clSilver
99=-43
99c=clSilver
100=-43
100c=clSilver
101=-43
101c=clSilver
102=-50
102c=clSilver
103=-50
103c=clSilver
104=-42
104c=clSilver
108=-20
108c=clSilver
[86]
97=-30
97c=clSilver
98=-41
98c=clSilver
99=-41
99c=clSilver
100=-41
100c=clSilver
101=-41
101c=clSilver
102=-41
102c=clSilver
103=-41
103c=clSilver
104=-31
104c=clSilver
108=-20
108c=clSilver
[87]
108=-20
108c=clSilver
[88]
108=-12
108c=clSilver
[Lines]
Count=0
