[General]
Version=2
Name=
Description=
[Protection]
Protected=0
Password=
[Size]
width=100
height=100
[Legend]
Show=0
X=0
Y=0
[TerrainMap]
Default=9
0=C:\Program Files\Lior's Map Creator\terrains\dungeon\Black.bmp
1=C:\Program Files\Lior's Map Creator\terrains\dungeon\Granite Walls.bmp
2=C:\Program Files\Lior's Map Creator\terrains\dungeon\Hard Floor.bmp
3=C:\Program Files\Lior's Map Creator\terrains\dungeon\Marble Floor 2.bmp
4=C:\Program Files\Lior's Map Creator\terrains\dungeon\Marble Floor.bmp
5=C:\Program Files\Lior's Map Creator\terrains\dungeon\Stone Floor - Coarse.bmp
6=C:\Program Files\Lior's Map Creator\terrains\dungeon\Stone Floor - Rough.bmp
7=C:\Program Files\Lior's Map Creator\terrains\dungeon\Stone Floor - Tiled.bmp
8=C:\Program Files\Lior's Map Creator\terrains\dungeon\Stone Floor.bmp
9=C:\Program Files\Lior's Map Creator\terrains\dungeon\White.bmp
10=C:\Program Files\Lior's Map Creator\terrains\dungeon\Wooden Floor - Boards.bmp
11=C:\Program Files\Lior's Map Creator\terrains\dungeon\Wooden Floor - Bright.bmp
12=C:\Program Files\Lior's Map Creator\terrains\dungeon\Wooden Floor - Tiled.bmp
13=C:\Program Files\Lior's Map Creator\terrains\dungeon\Wooden Floor.bmp
14=C:\Program Files\Lior's Map Creator\terrains\Outside\Desert.bmp
15=C:\Program Files\Lior's Map Creator\terrains\Outside\Forest.bmp
16=C:\Program Files\Lior's Map Creator\terrains\Outside\Grass.bmp
17=C:\Program Files\Lior's Map Creator\terrains\Outside\Ground - Burned.bmp
18=C:\Program Files\Lior's Map Creator\terrains\Outside\Ground - Cracked.bmp
19=C:\Program Files\Lior's Map Creator\terrains\Outside\Ground - Lava Cracked.bmp
20=C:\Program Files\Lior's Map Creator\terrains\Outside\Marshes.bmp
21=C:\Program Files\Lior's Map Creator\terrains\Outside\Mountains 2.bmp
22=C:\Program Files\Lior's Map Creator\terrains\Outside\Mountains.bmp
23=C:\Program Files\Lior's Map Creator\terrains\Outside\Planted Fields.bmp
24=C:\Program Files\Lior's Map Creator\terrains\Outside\Sea.bmp
25=C:\Program Files\Lior's Map Creator\terrains\Outside\Shallow Water.bmp
26=C:\Program Files\Lior's Map Creator\terrains\Outside\Tundra.bmp
27=C:\Program Files\Lior's Map Creator\terrains\Outside\Wasteland.bmp
[20]
30=-10
30c=clSilver
[21]
30=-20
30c=clSilver
32=-10
32c=clSilver
43=-10
43c=clSilver
[22]
30=-40
30c=clSilver
31=-43
31c=clSilver
32=-42
32c=clSilver
34=-10
34c=clSilver
43=-40
43c=clSilver
44=-43
44c=clSilver
45=-32
45c=clSilver
53=-11
53c=clSilver
54=-21
54c=clSilver
55=-43
55c=clSilver
56=-21
56c=clSilver
57=-21
57c=clSilver
58=-21
58c=clSilver
59=-21
59c=clSilver
60=-13
60c=clSilver
[23]
30=-40
30c=clSilver
31=-50
31c=clSilver
32=-50
32c=clSilver
33=-43
33c=clSilver
34=-50
34c=clSilver
35=-43
35c=clSilver
36=-43
36c=clSilver
37=-13
37c=clSilver
43=-40
43c=clSilver
44=-50
44c=clSilver
45=-41
45c=clSilver
46=-13
46c=clRed
55=-20
55c=clRed
[Objects]
1.x=23
1.y=32
1.name=C:\Program Files\Lior's Map Creator\objects\Teleport.bmp
1.hint=Teleport 2

2.x=23
2.y=37
2.name=C:\Program Files\Lior's Map Creator\objects\Krizik.bmp
3.x=23
3.y=46
3.name=11
3.hint=

3.type=2
4.x=25
4.y=47
4.name=12
4.hint=
4.type=2
5.x=27
5.y=61
5.name=C:\Program Files\Lior's Map Creator\objects\Krizik.bmp
6.x=31
6.y=44
6.name=C:\Program Files\Lior's Map Creator\objects\Krizik.bmp
7.x=38
7.y=30
7.name=23
7.hint=
7.type=2
8.x=41
8.y=43
8.name=C:\Program Files\Lior's Map Creator\objects\Teleport.bmp
8.hint=Teleport 5
9.x=54
9.y=32
9.name=C:\Program Files\Lior's Map Creator\objects\Teleport.bmp
9.hint=Teleport 3
10.x=67
10.y=32
10.name=C:\Program Files\Lior's Map Creator\objects\Teleport.bmp
10.hint=Teleport 4
11.x=72
11.y=40
11.name=C:\Program Files\Lior's Map Creator\objects\Krizik.bmp
Count=11




[24]
30=-40
30c=clSilver
31=-50
31c=clSilver
32=-50
32c=clSilver
33=-50
33c=clSilver
34=-50
34c=clSilver
35=-41
35c=clSilver
36=-31
36c=clSilver
43=-40
43c=clSilver
44=-42
44c=clSilver
55=-20
55c=clRed
[25]
30=-40
30c=clSilver
31=-50
31c=clSilver
32=-50
32c=clSilver
33=-50
33c=clSilver
34=-31
34c=clSilver
43=-40
43c=clSilver
44=-42
44c=clSilver
47=-11
47c=clRed
48=-43
48c=clSilver
49=-32
49c=clSilver
53=-33
53c=clSilver
54=-43
54c=clSilver
55=-50
55c=clSilver
56=-43
56c=clSilver
57=-43
57c=clSilver
58=-43
58c=clSilver
59=-43
59c=clSilver
60=-32
60c=clSilver
[26]
30=-40
30c=clSilver
31=-50
31c=clSilver
32=-41
32c=clSilver
33=-42
33c=clSilver
43=-40
43c=clSilver
44=-42
44c=clSilver
48=-40
48c=clSilver
49=-42
49c=clSilver
53=-40
53c=clSilver
54=-50
54c=clSilver
55=-50
55c=clSilver
56=-50
56c=clSilver
57=-50
57c=clSilver
58=-50
58c=clSilver
59=-50
59c=clSilver
60=-42
60c=clSilver
[27]
30=-30
30c=clSilver
31=-31
31c=clSilver
33=-12
33c=clSilver
42=-11
42c=clSilver
43=-50
43c=clSilver
44=-50
44c=clSilver
45=-43
45c=clSilver
46=-43
46c=clSilver
47=-43
47c=clSilver
48=-50
48c=clSilver
49=-42
49c=clSilver
52=-33
52c=clSilver
53=-50
53c=clSilver
54=-50
54c=clSilver
55=-50
55c=clSilver
56=-41
56c=clSilver
57=-41
57c=clSilver
58=-41
58c=clSilver
59=-41
59c=clSilver
60=-41
60c=clSilver
61=-13
61c=clSilver
[28]
43=-40
43c=clSilver
44=-50
44c=clSilver
45=-50
45c=clSilver
46=-50
46c=clSilver
47=-50
47c=clSilver
48=-41
48c=clSilver
49=-31
49c=clSilver
52=-40
52c=clSilver
53=-50
53c=clSilver
54=-50
54c=clSilver
55=-42
55c=clSilver
[29]
43=-30
43c=clSilver
44=-50
44c=clSilver
45=-41
45c=clSilver
46=-41
46c=clSilver
47=-31
47c=clSilver
51=-33
51c=clSilver
52=-41
52c=clSilver
53=-50
53c=clSilver
54=-50
54c=clSilver
55=-42
55c=clSilver
[30]
44=-20
44c=clSilver
50=-33
50c=clSilver
51=-42
51c=clSilver
53=-40
53c=clSilver
54=-50
54c=clSilver
55=-42
55c=clSilver
[31]
44=-12
44c=clSilver
50=-40
50c=clSilver
51=-42
51c=clSilver
53=-30
53c=clSilver
54=-41
54c=clSilver
55=-31
55c=clSilver
[32]
34=-10
34c=clSilver
50=-30
50c=clSilver
51=-31
51c=clSilver
[33]
31=-10
31c=clSilver
34=-20
34c=clSilver
[34]
31=-20
31c=clSilver
34=-40
34c=clSilver
35=-32
35c=clSilver
42=-33
42c=clSilver
43=-43
43c=clSilver
44=-32
44c=clSilver
[35]
30=-33
30c=clSilver
31=-42
31c=clSilver
34=-40
34c=clSilver
35=-42
35c=clSilver
41=-33
41c=clSilver
42=-50
42c=clSilver
43=-41
43c=clSilver
44=-42
44c=clSilver
[36]
30=-40
30c=clSilver
31=-50
31c=clSilver
32=-32
32c=clSilver
34=-40
34c=clSilver
35=-42
35c=clSilver
41=-30
41c=clSilver
42=-42
42c=clSilver
44=-40
44c=clSilver
45=-32
45c=clSilver
[37]
30=-40
30c=clSilver
31=-41
31c=clSilver
32=-42
32c=clSilver
34=-40
34c=clSilver
35=-42
35c=clSilver
42=-40
42c=clSilver
43=-43
43c=clSilver
44=-50
44c=clSilver
45=-50
45c=clSilver
46=-32
46c=clSilver
[38]
30=-12
30c=clRed
32=-40
32c=clSilver
33=-43
33c=clSilver
34=-50
34c=clSilver
35=-31
35c=clSilver
42=-30
42c=clSilver
43=-50
43c=clSilver
44=-50
44c=clSilver
45=-41
45c=clSilver
46=-50
46c=clSilver
47=-32
47c=clSilver
[39]
31=-11
31c=clSilver
32=-50
32c=clSilver
33=-50
33c=clSilver
34=-31
34c=clSilver
43=-40
43c=clSilver
44=-31
44c=clSilver
46=-30
46c=clSilver
47=-42
47c=clSilver
[40]
32=-40
32c=clSilver
33=-42
33c=clSilver
43=-20
43c=clSilver
47=-30
47c=clSilver
48=-13
48c=clSilver
[41]
32=-30
32c=clSilver
33=-31
33c=clSilver
43=-20
43c=clSilver
47c=clSilver
[42]
43=-20
43c=clSilver
[43]
43=-20
43c=clSilver
[44]
43=-20
43c=clSilver
[45]
31=-10
31c=clSilver
34=-10
34c=clSilver
43=-20
43c=clSilver
[46]
31=-20
31c=clSilver
34=-20
34c=clSilver
43=-40
43c=clSilver
44=-32
44c=clSilver
[47]
31=-40
31c=clSilver
32=-32
32c=clSilver
34=-20
34c=clSilver
43=-40
43c=clSilver
44=-42
44c=clSilver
[48]
31=-40
31c=clSilver
32=-50
32c=clSilver
33=-43
33c=clSilver
34=-42
34c=clSilver
43=-40
43c=clSilver
44=-42
44c=clSilver
[49]
31=-40
31c=clSilver
32=-50
32c=clSilver
33=-50
33c=clSilver
34=-42
34c=clSilver
43=-40
43c=clSilver
44=-42
44c=clSilver
[50]
31=-40
31c=clSilver
32=-50
32c=clSilver
33=-50
33c=clSilver
34=-42
34c=clSilver
43=-40
43c=clSilver
44=-42
44c=clSilver
[51]
31=-40
31c=clSilver
32=-50
32c=clSilver
33=-50
33c=clRed
34=-42
34c=clSilver
43=-40
43c=clSilver
44=-42
44c=clSilver
[52]
31=-40
31c=clSilver
32=-50
32c=clSilver
33=-50
33c=clSilver
34=-42
34c=clSilver
43=-30
43c=clSilver
44=-42
44c=clSilver
[53]
31=-40
31c=clSilver
32=-50
32c=clSilver
33=-50
33c=clSilver
34=-42
34c=clSilver
44=-20
44c=clSilver
[54]
30=-33
30c=clSilver
31=-41
31c=clSilver
32=-50
32c=clSilver
33=-50
33c=clSilver
34=-42
34c=clSilver
44=-20
44c=clSilver
[55]
30=-20
30c=clSilver
32=-40
32c=clSilver
33=-50
33c=clSilver
34=-31
34c=clSilver
44=-20
44c=clSilver
[56]
30=-20
30c=clSilver
32=-40
32c=clSilver
33=-42
33c=clSilver
44=-20
44c=clSilver
[57]
30=-20
30c=clSilver
32=-40
32c=clSilver
33=-42
33c=clSilver
44=-20
44c=clSilver
[58]
30=-20
30c=clSilver
32=-30
32c=clSilver
33=-42
33c=clSilver
44=-20
44c=clSilver
[59]
30=-20
30c=clSilver
33=-20
33c=clSilver
44=-40
44c=clSilver
45=-32
45c=clSilver
[60]
30=-20
30c=clSilver
33=-12
33c=clSilver
43=-33
43c=clSilver
44=-50
44c=clSilver
45=-42
45c=clSilver
[61]
30=-12
30c=clSilver
43=-40
43c=clSilver
44=-50
44c=clSilver
45=-42
45c=clSilver
[62]
42c=clSilver
43=-40
43c=clSilver
44=-50
44c=clSilver
45=-42
45c=clSilver
[63]
42=-33
42c=clSilver
43=-50
43c=clSilver
44=-50
44c=clSilver
45=-42
45c=clSilver
[64]
42=-40
42c=clSilver
43=-50
43c=clSilver
44=-50
44c=clSilver
45=-42
45c=clSilver
[65]
32=-33
32c=clSilver
33=-32
33c=clSilver
41=-33
41c=clSilver
42=-50
42c=clSilver
43=-41
43c=clSilver
44=-50
44c=clSilver
45=-31
45c=clSilver
[66]
31=-33
31c=clSilver
32=-50
32c=clSilver
33=-50
33c=clSilver
34=-13
34c=clSilver
41=-40
41c=clSilver
42=-31
42c=clSilver
44=-20
44c=clSilver
[67]
30=-11
30c=clSilver
31=-50
31c=clSilver
32=-50
32c=clSilver
33=-42
33c=clSilver
41=-20
41c=clSilver
44=-20
44c=clSilver
[68]
31=-40
31c=clSilver
32=-50
32c=clSilver
33=-42
33c=clSilver
41=-20
41c=clSilver
43=-33
43c=clSilver
44=-42
44c=clSilver
[69]
31=-30
31c=clSilver
32=-50
32c=clSilver
33=-42
33c=clSilver
40=-33
40c=clSilver
41=-31
41c=clSilver
43=-40
43c=clSilver
44=-50
44c=clSilver
45=-32
45c=clSilver
[70]
32=-40
32c=clSilver
33=-31
33c=clSilver
40=-20
40c=clSilver
43=-30
43c=clSilver
44=-41
44c=clSilver
45=-42
45c=clSilver
[71]
32=-12
32c=clSilver
40=-20
40c=clSilver
45=-20
45c=clSilver
[72]
40=-12
40c=clSilver
45=-12
45c=clSilver
[Lines]
Count=0
