
           EXIT
            |                     ANDVAR
            O
            |                     E -  Mysterious elf  `exa bushes`
          E-O-O               1,2,3 - enter cavity
         /  |  \                  K - unhappy knight
  F-O-O-O-O-O O-O-O-T             Y - Ydoya (mage guild) - up to 35
  | | |/| |X| |\|\| |\            S - `climb reef` - stone orc
1-O-O-O-P P-O O O-H-O-4               `exa skeleton` (after kill)
|  \|/  | |X|\| |/|  /            R ->5 `ford`
2   L-O-O-O-O O-O-O O O           4 - rocks; to thief guild:
|  / \| | |X| |/   / /                `enter cave`
3-O   O-O O-O O O-O-O                 `crawl hole` `climb up`
| |       |X|/| |                 H - Huorn
O-K-Y     S-O-R<O-O               F - feathers
                   \                  `climb tree` `climb up`
     O-O-5          O                 (ranger guild) - up to 35
     | |/|\        / \            R ->6 `enter opening`
     O-O-O O      O   O           T - `exa stones` - stone orc
     |/    |                      P - spring of mineral water
     O     O                      L - lake -> `swim lake` `dive down`
                                      `exa skeleton` (after kill); `up`

                                      4     7 - 'insert cylinder into opening'
 1.Level   2.Level  3.Level          /          'put palm on place'
                                    O J     C - Cleric guild - up to 35
1: O-U-O   O-D-O                   / /
     |                          O-O-O       N - 'unwrap rag'
     O                          |           M - large minotaurs
                             R<-6-7->C-O        `exa covers`
2: O-U-B   V-U-A      D          \          W - tortured wild-elf
                      |           O         J - Joda Ghost
                      Q          / \            `turn nose`
                                8   O           `open lid`
3:  O         D-AW              |           Q - Queen Sigyva + aasimon
    |                           O           A - alchemist
    U-O                         |           G - Guard of Cylinder
      |                       N-M-W         V - Bone Master
      G                         |           AW - Lord od Andvar's Weather
                                O           8 - 'enter opening'
                                |
                               EXIT