                                    ANTHILL
         *
         |
     O---5-> U1,DOWN                    U1 -> U2
         |\       $                     $ - path 'up' and 'down'
         |        O U                   * cycle exit
         |        | |                   U - 'up'
         O        O-O-*                 D - 'down'
         $        |                     K - ant queen
         O                              T - troll (autoattacker)
         |           5
         |           ^
         |           |
         O   O   2---3-> UP,DOWN                          T
          \  |   |   |\                                   |
           \ |   |   | > to U4                            | 
            \|   |   |                                    O--O
             O   O   U4   U2                              |
             |   |  /     |                               |
             |   | to 2   |                            T--O--O--T
             |   |        |                               |  
             O   1   2    O                               |
            / \   \  |    |                               O
               \   \ |    |                               |
                \   \|    |                               |
                 \   O    O                  O            D4
                  \  |   / \                /|
                   \ |  /   \              / | 
                    \| v     \            /  |
                     O        D <--> U---O---K
                     $                    \  |
                     O                     \ *
                     |                      \
                    EXIT                     O
