               BARTAKHAZAN MINES

                    O-O-S
                    |               O-O
                  D-O B-R           |  \
                    | |             C   O
                  L O-O W               |
                  | |   |               O
              O G-O-J-O-O-Z            /
              |     |   |           7-O
            K-4-O-H-O-O M     A
                    | |       |
                    6 O-F   O-O                  E
                    |      /                     $
                    O     O                      O
                   /      |                      $
            O-O   O       O O-O      O           O
           /      |      / /   \     |           $
          O       O     O O   H O  O-O           O
          |       |     | |  / /      \          $
O-O-O-O   O       O     O O O O        O         O
       \ /        |     |/  |/          \        |
        O         3-O-O-O   O            O-O-O<->5
        |              / \              /        |
        O           O-O   O          O-O         P
        |            /    |         /            |
        O-----------O     1<---->1-O             O
                                    \            |
                                     O-O        EXIT
                                       |
                                       O


A - Asfaloth             Z - outfiter        3 - `crawl leak`
H - `enter hole`         B - bartender       4 - `enter hole`
P - `pick flower`        R - rent            J - water source
S - slayer guild         W - weaponer        6 - `search room`
E - eagles               M - armourer            (find a gate)
1 - `climb hole`         L - cleric guild        `enter crack` -> 7
$ - path `up` or `down`  F - fighter guild   7 - `enter crack` -> 6
3 - `crawl leak`         D - donation room   C - chest
P - `pass plants` -> stables     G - Gorlard Dunin, the King of Bartakhazan
K - Kovarian's altar    

all guilds up to 10
