             KUHKADUH
                                         B              ADAMATINE GATE
                                   O-O   A                     |
                                   $ |   S      (`knock gate`) O
                                   O O-O-I                     |
                                   $     L                     O
                 C O B O-O-O-O     O     I                     |
                  \|/  |     |     $     S                     O
                   O   O     O     O     K                    /
                   |   |      \    $   (`break egg`)       O-O
                 O-O-O-O-O     O   O                      /
                   |   |       |  /                      O
                UP-O   O       L-L                       |
                       |       |                         O
      O O-O          O-O-O   L-L                        /
      | |              |     |                         O
  R   O-W-O-O-O   O    O     L                         $
  |   | |   |     |    |      \                        O
N-O   D O-O O     3    O       O           O-O         |
  $         |           \       \          | $         O
  O   A H O-O-O O O    O O       O<3x down>O O         |
  |   | |   |   | |    |  \                  |         O
  O-O-O-O-1-W-O-O-O<up>O-3-O-O-O             O         $
   /  | |   |                |               $         O (fall down ...)
 BANK E Y F-O          ADAMATINE GATE      O-O         |
            |                              $           O
          O-O-S                  DRAKE     O           |
            |                      |       |           O
            O                      O       O            \
            |                      |      /              O
            O     (`move boulder`) O     O               |
           /|\                    /|\    |               O
          O-O-O                  O-O-O   O               $
          | | |                 /|/|\|\  |               O
          O-O-O                O-O-O-O-O-UP              |
          | | |                 \|X|X|/                  O
          O-T-O                  O-O-O                  /
            |                     \|/                  O
         DUKTHUR                   O                   |
                                                       O
                                                       $
                                                       O
                                                       |
                                                       O
                                                       |
                                                       O
                                                       |
                                                       O
   B - smelter                                                    $
   T - Kraggad's altar                                 O (`move boulder`)
   L - lake                                            |
   D - Haghador, troll, member                         O
   N - donation room                             (7X)  $
   R - rent                                          O-O
   W - water source                                  |
   F - fighter guild                                 O
   S - shaman guild                                   \
   $ - path `up` or `down`                             O
   C - rock                                            |
   A - armoury (`down` is anvil for forging)           O-O-O
   H - shop                                           /|   |
   E - weaponer                                   BEAR O   O (`dive down`)
   Y - alchymist                                           $
   1 - `up` -> post                                       UP
   2->3->4 `up` or `down`                                  |
   5x east from well -> Slayer guild                       O
                                                           |
   To leave this zone...                                  UP
   * unlock Adamatine gate                                 $
     (`knock gate`)                          (`dive down`) O
   * enter Adamatine gate                                  |
   * `enter opening`                                       O
   * `jump out` ; `east` -> EXIT                           |
                                            (`enter cave`) O-O-O
                                                               |
                                                              EXIT
