
                                    OGRE CAMP
             EXIT
              |
    O O       O     D-O O     
    |\|       |       |/|       R - rocks
    O O     O-O-O     F O       W - water source
    |  \    |   |    /  |       B - Bass + 2 ogre fighters
    O-N W O O-O-O O O O-O       D - doomguard guild
        |\|   |   |/|           N - necromancer guild
        O O   O   O O           F - ogre fighter (autoattacker)
        |  \ / \ /  |           
 EXIT-R-O   O   O   O-R-EXIT    
            |\ /|               
            O O O-B             
              |
    O O   O O O O O   O O
    | |   | | | | |   | |
    O-O-O-O-O-O-O-O-O-O-O
    | |   | | | | |   | |
    O O   O O O O O   O O
              |
              O
              |
    O O   O O O O O   O O
    | |   | | | | |   | |
    O-O-O-O-O-O-O-O-O-O-O
    | |   | | | | |   | |
    O O   O O O O O   O O
              |
              O
              |
              O
              |
             EXIT
