            TROLL LAIR
    
           EXIT
            |
            O
            |
            O-O@O-O     O-O%1               
            |   |       $                   
      O     O   O       O                   
      |     |           |                   
     %1-O-O-O           O                       
      |     |           |                   
      O     O-O-O       O&O-O-O                  
      |     |   |       |     |         
      O     O   O       O     O         
      |     |   &       |     |         
  O-O-L-O-O-O-O-O       O   B-O         
    |     |     |       |     |         
    O     O     O       O     O         
    |     |             |     &         
    O-O-O-O             O-O-O-O-O-UP
    |     %
O-O-O     O-O      B - Boss          
#   |     | $      L - Lake           
O   O     O O      % - `enter opening`
#   |              & - `enter crack`  
O-O-O              # - `enter hole`   
    |              @ - `enter cavity` 
    O
    |
   EXIT



     
     
      
      
      
      
      
      
      
      
      
      
      
      
      