           ALAMAR FOREST

                   EXIT   G           G - fighter guild - up to 10
                    |     |           H - thief guild - up to 10
          O-O       U   O-O           M - mage tower (guild) - up to 10
         /   \     / \ /|             C - cleric guild - up to 10
        O     \   O   O O-O     R-O   P - paladin guild - up to 10
       /       \ / \ /  |\|\      |   R - ranger guild - up to 10
    O-O         O   O   O-O-O-O   O   D - Donation place; `up` -> rent
   /|\          |   |    \|\|/|\ /    S - Stables (horse)
  O-O-O       S-O   O     O-O-A-O     T - well - `up` -> Queen family
 /|\|/|\           /|\     \|\|/      U - `up`
O-O-T-O-O         / 3 \     O-O       L - 2x wolf
 \|/|\|/     O---O-1 2-O-O                `enter lake` (water breath recommended ;) )
  W-O-O     /     \ 4 /|  \               `out` -> to leave lake
   \|\|    O       \|/ B   O   O-O    F - fountain
    O-O    |      D-F-O    |  /  |    B - bartender
       \   O        |      O-O   O    1 - weaponer
        \ /       C-E-P    |    /     2 - armourer
         O                 O   O      3 - outfitter
         |                /    |      4 - alchemist
         O               O     M      A - Boelg's altar
        /                |            E - Laerwen's altar
     H-O                 L
