


                                   ANTAR

        O-O-O-O       O-O-O-O           1 - Bar + Reception 1 (up)
        |     |       |     |           2 - Bar + Reception 2 (up)
        O   G O       O     O           F - Fighter Guild - up to 10
        |   | |       |     |           P - Paladin Guild - up to 10
        O O-O O-O-O-O-O     O           C - Cleric Guild - up to 10
        | | |     |         |           M - Mage guild - up to 10
        O L O   3 O 4   7   O           T - Thief Guild - up to 10
        | | |   | | |   |   |           3 - Bank
        O D | W-O-O-O-A 6 O-O           W - Weaponer
 WEST   |   |     | |   |   |           A - Armourer
 GATE  -O-O-O-O-O-F-O-O-O-O-O-  EAST    S - Stables (pony, horse)
        | | | | | | |       |   GATE    4 - Small shop
        O O O E O-O-O-1 S O-O           E - Alchymista
        |         |     |   |           B - Bar
        O     F P O B A O-2 O           D - Donation Room
        |     | | | | | |   |           6 - Library + Post Office
        O-X T-O-O-O-O-O-O V O           7 - Captain of guards
        | |   | | | | |   | |           F - Fountain
        O-O   C M O B A R-O-O           X - 'climb ladder' sewers entry
        | |       |       | |           L - Leoric's altar
        O-O-O-O-O-O-O-O-O-O-O           R - Brom's altar
                  |                     G - to Antar Graveyard
                                        V - Voduvial's altar (fountain)
                SOUTH
                GATE
