                  FREE HARBOUR

                     R
                     $
                     A----O---A----O
                    /             / \
                   /             /   \        4
      EXIT        /  O----5     /     \       |
       |         /   $         /       \      O
   S---G-----4--O    2----O---O         N      \
   |   |            /        / \        |       O-H
   |   |    SHOP   /        /   \       |        \
   |   |     |    /        /     \      |         O-U
   O---O-----O---O     1  O       E     O
   |   |         |    /  /|        \    |
   |   | L-O-O   |   /  / |         \   |     H - octopus
   |   |     $   |  /  /  |          \  |         `exa bones`
   |   |   O-C   | /  /   | G-K-F     \ |         `exa barell`
   |   |     |   |/  /    |   |        \|     U - `up` -> old well
   O---W-----O---O  O     O---P----O----O
   |   | Q-RENT    /      |             |
   |   |/         /       |    O-Z-O    |
I--L---O-----M---O        O      $      O
                  \       |   Q->O      |
                   \      |   |         |
                    O     B---T------O  O
                    |     |   |       \ |
                    |     |   |        \|
                    3-----O---O---------O-EXIT
                    $
            O---O---6-----O
                $         $
               COOK    C--O

M - statue; `exa statue`-> gate key N - insane mercenary
G - gate                            P - `climb over fence`
Q - bartender                       B - branches, fountain
S - stables (warg, warboar, zonga)  Q - bartender; `enter entry`
I - `get bar`                       G - Gosaithan
W - well                            K - `break lock`, `kick gate`
Q - bartender                       F - feather; `search room`
1 - `exa garbage`                   6 - `climb up`
2 - `climb window`                  T - old well; `enter well` -> U
3 - `enter ship`                    Z - Zygurg
4 - `enter cellar`                  E - `search room`
5 - `exa tools`                     C - pirate captain
L - docks for golden serpent ship   A - autoattacker (stabbing hidden thief)
R - thief guild -> `exa barrels`, `enter opening`
COOK - `fire rope`; `enter crack`

