          ROGUE ENCAMPMENT
        
              O-----O
             /|\   /|\
            / | \ / | \                 B - boss
           /  |  /  |  \                # - just go north
          /   | / \ |   \               ^ - one way exit
         /    |/   \|    \
        O-----O-----O-----O
       /|    /       \    |\
      / |   /         \   | \
     /  |  /           \  |  \
    /   | /             \ |   \
   /    |/               \|    \
  O-----O   O-O-O---O     O-----O
  |\   /|     |     |     |\   /|
  | \ / |   O-O-O   O     | \ / |
  |  \  |     |     |     |  \  |
  | / \ |   O-O-O   B     | / \ |
  |/   \|     |           |/   \|
  O-----O     O    	  O-----O
   ^    |\    |          /|    /
    \   | \   O         / |   /
     \  |  \  #        /  |  /
      \ |   \ #       /   | /
       \|    \#      /    |/ 
        O-----O-----O-----O 
         \    |\   /|    /
          \   | \ / |   / 
           \  |  /  |  /
            \ | / \ | /  
             \|/   \|/
              O-----O
              |    /
              |   /
              |  /
              | /
              |/
              O
              |
              |
              |
              |
              |
              O
              /
             /
            /
           /
          /
         O
         |
         |
         |
         |
         |
        EXIT