               SWAMPS OF DEAD

                      O
                     /|
                    O-O F H          K - Vodan (`dive down`)
                     / \|/           F - Woteran (a fish or octupuss?)
                    O   O            H - Hydra
                   / \ /             S - Pterax
          K     O O   O     B        D - Drake
           \   / \|  /      |        A - path to Ape - `climb slope` (down `climb down`)
            O-O   O-O     O-O-O      C - `enter cave` -> Ape
              |   |         |        B - Swamp chief
              O   O   O-O-O O-O      R - `crawl opening`
               \ /      |   |        G - large hydra
            H   O     O-O-O R
             \  |\      |  / #
    A   D-O   O-F-O-O   O O   O
   /#\   / \    |   |   |/   /
  / O \ S   O   O-O O   O   O   G
 /  |  \    |  /|\|    /    |  /
O   C   O-O-O O O O O-O     O-O
 \  |  /     \| | |/
  \ O /       O-O-O
   \ /         \|/
    O           O
                |
               EXIT

